MPLINK 4.30.01, Linker
Linker Map File - Created Thu Nov 11 00:42:06 2021

                                 Section Info
                  Section       Type    Address   Location Size(Bytes)
                ---------  ---------  ---------  ---------  ---------
                   .org_0       code   0x000000    program   0x000004
                   .cinit    romdata   0x000002    program   0x000004
                   .org_1       code   0x000004    program   0x00003a
                  .config       code   0x002007    program   0x000002



                              Program Memory Usage 
                               Start         End      
                           ---------   ---------      
                            0x000000    0x000020      
                            0x002007    0x002007      
            34 out of 8453 program addresses used, program memory utilization is 0%



                              Symbols - Sorted by Name
                     Name    Address   Location    Storage File                     
                ---------  ---------  ---------  --------- ---------                
                    bucle   0x00001d    program     static C:\Users\angel\Documents\GitHub\proyectoDAQ-SCD\PIC16\programa.ASM
                     main   0x000010    program     static C:\Users\angel\Documents\GitHub\proyectoDAQ-SCD\PIC16\programa.ASM



                              Symbols - Sorted by Address
                     Name    Address   Location    Storage File                     
                ---------  ---------  ---------  --------- ---------                
                     main   0x000010    program     static C:\Users\angel\Documents\GitHub\proyectoDAQ-SCD\PIC16\programa.ASM
                    bucle   0x00001d    program     static C:\Users\angel\Documents\GitHub\proyectoDAQ-SCD\PIC16\programa.ASM


